%!Adobe-FontList 1.13
%Locale:0x409

%BeginFont
Handler:DirectoryHandler
FontType:Type1
FontName:Univers-LightOblique
FamilyName:Univers
StyleName:45 Light Oblique
MenuName:Univers 45 Light
StyleBits:1
WeightClass:300
WidthClass:5
AngleClass:1
FullName:Univers 45 Light Oblique
WritingScript:Roman
OutlineFileName:\UniveLigObl
DataFormat:POSTResource
UsesStandardEncoding:yes
isCFF:no
FileLength:35807
FileModTime:682598306
DesignSize:-1
%EndFont

%BeginFont
Handler:DirectoryHandler
FontType:TrueType
FontName:ZapfDingbatsITC
FamilyName:Zapf Dingbats
StyleName:Regular
MenuName:Zapf Dingbats
StyleBits:0
WeightClass:400
WidthClass:5
AngleClass:0
FullName:Zapf Dingbats
WritingScript:Roman
OutlineFileName:\ZapfDingbats.dfont
DataFormat:sfntResource
ResourceID:524
FileLength:154620
FileModTime:1191385095
%EndFont

%BeginFont
Handler:DirectoryHandler
FontType:Suitcase
FontName:Univers-Light
OutlineFileName:\Univers
ResourceID:14886
MacStyle:0
FileLength:221749
FileModTime:1120829380
%EndFont

%BeginFont
Handler:DirectoryHandler
FontType:Suitcase
FontName:Univers-Bold
OutlineFileName:\Univers
ResourceID:14886
MacStyle:1
FileLength:221749
FileModTime:1120829380
%EndFont

%BeginFont
Handler:DirectoryHandler
FontType:Suitcase
FontName:Univers-LightOblique
OutlineFileName:\Univers
ResourceID:14886
MacStyle:2
FileLength:221749
FileModTime:1120829380
%EndFont

%BeginFont
Handler:DirectoryHandler
FontType:Suitcase
FontName:Univers-BoldOblique
OutlineFileName:\Univers
ResourceID:14886
MacStyle:3
FileLength:221749
FileModTime:1120829380
%EndFont

%BeginFont
Handler:DirectoryHandler
FontType:Suitcase
FontName:Univers-Bold
OutlineFileName:\Univers
ResourceID:14882
MacStyle:0
FileLength:221749
FileModTime:1120829380
%EndFont

%BeginFont
Handler:DirectoryHandler
FontType:Suitcase
FontName:Univers-BoldOblique
OutlineFileName:\Univers
ResourceID:14882
MacStyle:2
FileLength:221749
FileModTime:1120829380
%EndFont

%BeginFont
Handler:DirectoryHandler
FontType:Suitcase
FontName:Univers-LightOblique
OutlineFileName:\Univers
ResourceID:14885
MacStyle:0
FileLength:221749
FileModTime:1120829380
%EndFont

%BeginFont
Handler:DirectoryHandler
FontType:Suitcase
FontName:Univers-BoldOblique
OutlineFileName:\Univers
ResourceID:14885
MacStyle:1
FileLength:221749
FileModTime:1120829380
%EndFont

%BeginFont
Handler:DirectoryHandler
FontType:Suitcase
FontName:Univers-BoldOblique
OutlineFileName:\Univers
ResourceID:14881
MacStyle:0
FileLength:221749
FileModTime:1120829380
%EndFont

%BeginFont
Handler:DirectoryHandler
FontType:Suitcase
FontName:Univers
OutlineFileName:\Univers
ResourceID:14884
MacStyle:0
FileLength:221749
FileModTime:1120829380
%EndFont

%BeginFont
Handler:DirectoryHandler
FontType:Suitcase
FontName:Univers-Black
OutlineFileName:\Univers
ResourceID:14884
MacStyle:1
FileLength:221749
FileModTime:1120829380
%EndFont

%BeginFont
Handler:DirectoryHandler
FontType:Suitcase
FontName:Univers-Oblique
OutlineFileName:\Univers
ResourceID:14884
MacStyle:2
FileLength:221749
FileModTime:1120829380
%EndFont

%BeginFont
Handler:DirectoryHandler
FontType:Suitcase
FontName:Univers-BlackOblique
OutlineFileName:\Univers
ResourceID:14884
MacStyle:3
FileLength:221749
FileModTime:1120829380
%EndFont

%BeginFont
Handler:DirectoryHandler
FontType:Suitcase
FontName:Univers-Black
OutlineFileName:\Univers
ResourceID:14880
MacStyle:0
FileLength:221749
FileModTime:1120829380
%EndFont

%BeginFont
Handler:DirectoryHandler
FontType:Suitcase
FontName:Univers-BlackOblique
OutlineFileName:\Univers
ResourceID:14880
MacStyle:2
FileLength:221749
FileModTime:1120829380
%EndFont

%BeginFont
Handler:DirectoryHandler
FontType:Suitcase
FontName:Univers-Oblique
OutlineFileName:\Univers
ResourceID:14883
MacStyle:0
FileLength:221749
FileModTime:1120829380
%EndFont

%BeginFont
Handler:DirectoryHandler
FontType:Suitcase
FontName:Univers-BlackOblique
OutlineFileName:\Univers
ResourceID:14883
MacStyle:1
FileLength:221749
FileModTime:1120829380
%EndFont

%BeginFont
Handler:DirectoryHandler
FontType:Suitcase
FontName:Univers-BlackOblique
OutlineFileName:\Univers
ResourceID:14879
MacStyle:0
FileLength:221749
FileModTime:1120829380
%EndFont

%BeginFont
Handler:DirectoryHandler
FontType:Suitcase
FontName:Univers-UltraCondensed
OutlineFileName:\Univers
ResourceID:5830
MacStyle:0
FileLength:221749
FileModTime:1120829380
%EndFont

%BeginFont
Handler:DirectoryHandler
FontType:Suitcase
FontName:Univers-ThinUltraCondensed
OutlineFileName:\Univers
ResourceID:5829
MacStyle:0
FileLength:221749
FileModTime:1120829380
%EndFont

%BeginFont
Handler:DirectoryHandler
FontType:Suitcase
FontName:Univers-LightUltraCondensed
OutlineFileName:\Univers
ResourceID:5792
MacStyle:0
FileLength:221749
FileModTime:1120829380
%EndFont

%BeginFont
Handler:DirectoryHandler
FontType:Suitcase
FontName:Univers-ExtraBlackObl
OutlineFileName:\Univers
ResourceID:5814
MacStyle:0
FileLength:221749
FileModTime:1120829380
%EndFont

%BeginFont
Handler:DirectoryHandler
FontType:Suitcase
FontName:Univers-ExtraBlack
OutlineFileName:\Univers
ResourceID:13141
MacStyle:0
FileLength:221749
FileModTime:1120829380
%EndFont

%BeginFont
Handler:DirectoryHandler
FontType:Suitcase
FontName:Univers-ExtraBlackObl
OutlineFileName:\Univers
ResourceID:13141
MacStyle:2
FileLength:221749
FileModTime:1120829380
%EndFont

%BeginFont
Handler:DirectoryHandler
FontType:Suitcase
FontName:Univers-ExtendedObl
OutlineFileName:\Univers
ResourceID:5811
MacStyle:0
FileLength:221749
FileModTime:1120829380
%EndFont

%BeginFont
Handler:DirectoryHandler
FontType:Suitcase
FontName:Univers-BoldExtObl
OutlineFileName:\Univers
ResourceID:5811
MacStyle:1
FileLength:221749
FileModTime:1120829380
%EndFont

%BeginFont
Handler:DirectoryHandler
FontType:Suitcase
FontName:Univers-Extended
OutlineFileName:\Univers
ResourceID:5793
MacStyle:0
FileLength:221749
FileModTime:1120829380
%EndFont

%BeginFont
Handler:DirectoryHandler
FontType:Suitcase
FontName:Univers-BoldExt
OutlineFileName:\Univers
ResourceID:5793
MacStyle:1
FileLength:221749
FileModTime:1120829380
%EndFont

%BeginFont
Handler:DirectoryHandler
FontType:Suitcase
FontName:Univers-ExtendedObl
OutlineFileName:\Univers
ResourceID:5793
MacStyle:2
FileLength:221749
FileModTime:1120829380
%EndFont

%BeginFont
Handler:DirectoryHandler
FontType:Suitcase
FontName:Univers-BoldExtObl
OutlineFileName:\Univers
ResourceID:5793
MacStyle:3
FileLength:221749
FileModTime:1120829380
%EndFont

%BeginFont
Handler:DirectoryHandler
FontType:Suitcase
FontName:Univers-BoldExtObl
OutlineFileName:\Univers
ResourceID:5812
MacStyle:0
FileLength:221749
FileModTime:1120829380
%EndFont

%BeginFont
Handler:DirectoryHandler
FontType:Suitcase
FontName:Univers-BoldExt
OutlineFileName:\Univers
ResourceID:5794
MacStyle:0
FileLength:221749
FileModTime:1120829380
%EndFont

%BeginFont
Handler:DirectoryHandler
FontType:Suitcase
FontName:Univers-BoldExtObl
OutlineFileName:\Univers
ResourceID:5794
MacStyle:2
FileLength:221749
FileModTime:1120829380
%EndFont

%BeginFont
Handler:DirectoryHandler
FontType:Suitcase
FontName:Univers-ExtraBlackExtObl
OutlineFileName:\Univers
ResourceID:5816
MacStyle:0
FileLength:221749
FileModTime:1120829380
%EndFont

%BeginFont
Handler:DirectoryHandler
FontType:Suitcase
FontName:Univers-ExtraBlackExt
OutlineFileName:\Univers
ResourceID:5815
MacStyle:0
FileLength:221749
FileModTime:1120829380
%EndFont

%BeginFont
Handler:DirectoryHandler
FontType:Suitcase
FontName:Univers-ExtraBlackExtObl
OutlineFileName:\Univers
ResourceID:5815
MacStyle:2
FileLength:221749
FileModTime:1120829380
%EndFont

%BeginFont
Handler:DirectoryHandler
FontType:Suitcase
FontName:Univers-BlackExtObl
OutlineFileName:\Univers
ResourceID:5813
MacStyle:0
FileLength:221749
FileModTime:1120829380
%EndFont

%BeginFont
Handler:DirectoryHandler
FontType:Suitcase
FontName:Univers-BlackExt
OutlineFileName:\Univers
ResourceID:5795
MacStyle:0
FileLength:221749
FileModTime:1120829380
%EndFont

%BeginFont
Handler:DirectoryHandler
FontType:Suitcase
FontName:Univers-BlackExtObl
OutlineFileName:\Univers
ResourceID:5795
MacStyle:2
FileLength:221749
FileModTime:1120829380
%EndFont

%BeginFont
Handler:DirectoryHandler
FontType:Suitcase
FontName:Univers-CondensedLight
OutlineFileName:\Univers
ResourceID:14878
MacStyle:0
FileLength:221749
FileModTime:1120829380
%EndFont

%BeginFont
Handler:DirectoryHandler
FontType:Suitcase
FontName:Univers-CondensedBold
OutlineFileName:\Univers
ResourceID:14878
MacStyle:1
FileLength:221749
FileModTime:1120829380
%EndFont

%BeginFont
Handler:DirectoryHandler
FontType:Suitcase
FontName:Univers-CondensedLightOblique
OutlineFileName:\Univers
ResourceID:14878
MacStyle:2
FileLength:221749
FileModTime:1120829380
%EndFont

%BeginFont
Handler:DirectoryHandler
FontType:Suitcase
FontName:Univers-CondensedBoldOblique
OutlineFileName:\Univers
ResourceID:14878
MacStyle:3
FileLength:221749
FileModTime:1120829380
%EndFont

%BeginFont
Handler:DirectoryHandler
FontType:Suitcase
FontName:Univers-CondensedBold
OutlineFileName:\Univers
ResourceID:14874
MacStyle:0
FileLength:221749
FileModTime:1120829380
%EndFont

%BeginFont
Handler:DirectoryHandler
FontType:Suitcase
FontName:Univers-CondensedBoldOblique
OutlineFileName:\Univers
ResourceID:14874
MacStyle:2
FileLength:221749
FileModTime:1120829380
%EndFont

%BeginFont
Handler:DirectoryHandler
FontType:Suitcase
FontName:Univers-CondensedLightOblique
OutlineFileName:\Univers
ResourceID:14877
MacStyle:0
FileLength:221749
FileModTime:1120829380
%EndFont

%BeginFont
Handler:DirectoryHandler
FontType:Suitcase
FontName:Univers-CondensedBoldOblique
OutlineFileName:\Univers
ResourceID:14877
MacStyle:1
FileLength:221749
FileModTime:1120829380
%EndFont

%BeginFont
Handler:DirectoryHandler
FontType:Suitcase
FontName:Univers-CondensedBoldOblique
OutlineFileName:\Univers
ResourceID:14873
MacStyle:0
FileLength:221749
FileModTime:1120829380
%EndFont

%BeginFont
Handler:DirectoryHandler
FontType:Suitcase
FontName:Univers-Condensed
OutlineFileName:\Univers
ResourceID:14876
MacStyle:0
FileLength:221749
FileModTime:1120829380
%EndFont

%BeginFont
Handler:DirectoryHandler
FontType:Suitcase
FontName:Univers-CondensedOblique
OutlineFileName:\Univers
ResourceID:14876
MacStyle:2
FileLength:221749
FileModTime:1120829380
%EndFont

%BeginFont
Handler:DirectoryHandler
FontType:Suitcase
FontName:Univers-CondensedOblique
OutlineFileName:\Univers
ResourceID:14875
MacStyle:0
FileLength:221749
FileModTime:1120829380
%EndFont

%BeginFont
Handler:DirectoryHandler
FontType:Type1
FontName:Univers-Bold
FamilyName:Univers
StyleName:65 Bold
MenuName:Univers 45 Light
StyleBits:2
WeightClass:700
WidthClass:5
AngleClass:0
FullName:Univers 65 Bold
WritingScript:Roman
OutlineFileName:\UniveBol
DataFormat:POSTResource
UsesStandardEncoding:yes
isCFF:no
FileLength:27917
FileModTime:682598290
DesignSize:-1
%EndFont

%BeginFont
Handler:DirectoryHandler
FontType:Type1
FontName:Univers-Light
FamilyName:Univers
StyleName:45 Light
MenuName:Univers 45 Light
StyleBits:0
WeightClass:300
WidthClass:5
AngleClass:0
FullName:Univers 45 Light
WritingScript:Roman
OutlineFileName:\UniveLig
DataFormat:POSTResource
UsesStandardEncoding:yes
isCFF:no
FileLength:27470
FileModTime:682598274
DesignSize:-1
%EndFont

